First building id/name, followed by Enter: Second building id/name, followed by Enter: Path from EMPAC to EMPAC:
Total distance: 0.000 pixel units.
