Menu:
b - List all buildings
r - Find route between buildings
q - Quit
m - Show this menu
